// Jest Snapshot v1, https://goo.gl/fbAQLP

exports[`SimpleWalletApp Component should render correctly 1`] = `
Array [
  <div
    className="flex h-408px lg:h-212px bg-header-background pt-40px pb-40px px-31px sm:px-31px lg:px-40px"
  >
    <div
      className="flex flex-col lg:flex-row h-312px lg:h-full bg-header-main rounded-3xl w-311px sm:w-577px md:w-577px lg:w-689px xl:w-945px xxl:w-1200px xxxl:w-1200px m-auto"
    >
      <div
        className="my-auto ml-40px lg:m-auto  flex"
      >
        <img
          className="w-56px h-56px lg:m-auto"
          src="logo.svg"
        />
        <h1
          className="logo-font inline m-auto ml-10px block lg:hidden xxl:block"
        >
          ARK Wallet
        </h1>
      </div>
      <div
        className="right-0 top-0 h-2px lg:w-2px lg:h-56px bg-gray-200 mx-40px my-auto lg:m-auto bg-dropdown-background"
      />
      <div
        className="mx-40px my-auto lg:m-auto flex"
        id="wallet-dropdown-menu"
      >
        <div
          className="hidden sm:flex w-51px h-57px rounded-l-full"
          id="wallet-icon"
          style={
            Object {
              "background": "#2F3333",
            }
          }
        >
          <img
            className=" m-auto w-1/3 h-1/3"
            src="address.svg"
          />
          <img
            className="hidden m-auto w-1/3 h-1/3"
            src="address-hover.svg"
          />
        </div>
        <div
          className="custom-select-wrapper w-247px md:w-461px lg:w-557px xl:w-302px xxl:w-404px"
          id="dropdown-menu-wrapper"
        >
          <div
            className="custom-select w-full lg:w-557px xl:w-302px xxl:w-404px "
          >
            <div
              className="custom-select__trigger"
              onClick={[Function]}
            >
              <span
                className="overflow-hidden overflow-ellipsis"
              />
              <div
                className="arrow"
              />
            </div>
            <div
              className="custom-options"
            />
          </div>
        </div>
      </div>
      <div
        className="hidden lg:block right-0 top-0 w-577px h-2px lg:w-2px lg:h-56px bg-gray-200 m-auto bg-dropdown-background"
      />
      <div
        className="mx-40px my-auto lg:m-auto flex"
      >
        <div
          className="flex rounded-full border-dropdown-background border-2 w-57px h-57px"
        >
          <img
            className="w-2/4 h-2/4 m-auto"
            src="balance.svg"
          />
        </div>
        <div
          className="flex flex-col justify-center ml-10px"
        >
          <div
            className="text-font-color2"
          >
            Balance
          </div>
          <div
            className="text-font-color2"
          >
             
          </div>
        </div>
      </div>
    </div>
  </div>,
  <div
    className="pt-48px pb-48px"
  >
    <div
      className="text-center"
    >
      No Data
    </div>
  </div>,
  <div
    className="fixed bottom-0 left-0 text-center w-full py-16px bg-footer-background main-font text-font-color1"
  >
    2021 @ ARK.io | All rights reserved
  </div>,
]
`;
