// Jest Snapshot v1, https://goo.gl/fbAQLP

exports[`BalanceDisplay Component should render correctly 1`] = `
<div
  className="mx-40px my-auto lg:m-auto flex"
>
  <div
    className="flex rounded-full border-dropdown-background border-2 w-57px h-57px"
  >
    <img
      className="w-2/4 h-2/4 m-auto"
      src="balance.svg"
    />
  </div>
  <div
    className="flex flex-col justify-center ml-10px"
  >
    <div
      className="text-font-color2"
    >
      Balance
    </div>
    <div
      className="text-font-color2"
    >
      123,456DARK
       
    </div>
  </div>
</div>
`;
